✔ server adapter replays gyro-drop (5.545249ms)
✔ server adapter replays core-pins (10.656486ms)
✔ server adapter replays nova-merge (4.530848ms)
✔ server adapter rejects a mismatched challenger version (0.776079ms)
✔ claimed score fields are irrelevant to canonical replay (2.603935ms)
✔ new v2 replay is routed by server-owned version, not body fields (4.946082ms)
✔ in-flight v1 runs remain valid and isolated (2.22266ms)
✔ a nonexistent version is rejected (0.592076ms)
✔ other games retain their original verification adapter (18.325059ms)
✔ discovery generation is byte-idempotent across repeated builds (6.970419ms)
✔ collector keeps Edge gateway JWT verification using public anon role only (2.590015ms)
✔ normalizes channel ig (2.154139ms)
✔ normalizes channel IG (0.187919ms)
✔ normalizes channel yt (0.141119ms)
✔ normalizes channel tt (0.119958ms)
✔ normalizes channel th (0.396858ms)
✔ normalizes channel facebook (0.148921ms)
✔ route /descent (0.771352ms)
✔ route /descent/ (0.192715ms)
✔ route /games/core-pins (3.702762ms)
✔ route /games/nova-merge/ (0.268868ms)
✔ route /challengers/play?game=core-pins (0.253325ms)
✔ route /challengers/play?game=nova-merge (0.220226ms)
✔ route /games/orbit-sprint/index.html (0.09438ms)
✔ route / (0.108731ms)
✔ bio tags cannot become a per-video conversion (0.805592ms)
✔ recorded Instagram link stays channel-only (0.222049ms)
✔ tagged link is not an attribution proof (0.197302ms)
✔ direct and referrer classes survive double cleaning (0.538877ms)
✔ referrer query and identity not stored (0.277591ms)
✔ strips credentials, scores and personal fields (0.253596ms)
✔ invalid campaign strings dropped (0.218324ms)
✔ invalid event rejected [] (0.257541ms)
✔ invalid event rejected null (0.073428ms)
✔ invalid event rejected {} (0.0676ms)
✔ invalid event rejected {"schema":"loopjolt-acquisition/4.1","ev (0.057485ms)
✔ invalid event rejected {"schema":"loopjolt-acquisition/4.1","ev (0.058326ms)
✔ invalid event rejected {"schema":"loopjolt-acquisition/4.1","ev (0.05342ms)
✔ one page view across two client APIs (3.827376ms)
✔ replay requires a subsequent game_start (2.012379ms)
✔ acquisition survives navigation (2.23602ms)
✔ new campaign clears old content (4.125157ms)
✔ expired session resets counters (2.635802ms)
✔ excluded capture=1 (1.990426ms)
✔ excluded qa=1 (1.184614ms)
✔ excluded internal=1 (1.077856ms)
✔ honors webdriver (1.489516ms)
✔ honors globalPrivacyControl (3.002364ms)
✔ honors doNotTrack (1.349528ms)
✔ internal exclusion persists (4.792735ms)
✔ blocked storage cannot break setup (1.424649ms)
✔ legacy bridge drops persistent visitor ID (0.177302ms)
✔ collector sends only cleaned data (0.74292ms)
✔ failed sink is not successful storage (0.220466ms)
✔ reject request {"method":"GET"} (0.103944ms)
✔ reject request {"headers":{}} (0.045948ms)
✔ reject request {"headers":{"origin":"https://evil.invalid","content-ty (0.041381ms)
✔ reject request {"headers":{"origin":"https://vibe-arcade-dun.vercel.ap (0.037706ms)
✔ reject request {"body":{"schema":"loopjolt-acquisition/4.1","event_id" (0.049844ms)
✔ legacy accepted, not persisted: page_view (0.132897ms)
✔ legacy accepted, not persisted: game_open (0.059077ms)
✔ legacy accepted, not persisted: game_start (0.088761ms)
✔ legacy accepted, not persisted: game_finish (0.084665ms)
✔ legacy accepted, not persisted: replay (0.090574ms)
✔ legacy accepted, not persisted: share (0.044355ms)
✔ legacy accepted, not persisted: next_game (0.092787ms)
✔ legacy accepted, not persisted: score_verified (0.046589ms)
✔ legacy accepted, not persisted: ranked_downgrade (0.057706ms)
✔ legacy accepted, not persisted: ranked_entry (3.772234ms)
✔ regular 60, 30, 20 and 10 FPS do not discard simulation time (6.000022ms)
✔ a frame stall above 250ms invalidates ranked eligibility (0.198784ms)
✔ repeated 8 FPS frames cannot buy extra reaction time (0.163191ms)
✔ small isolated jitter is tolerated but accumulated lost time is bounded (0.156262ms)
✔ invalid timing values fail closed (0.282969ms)
✔ reaction-rush: seed is deterministic (3.091156ms)
✔ reaction-rush: no-input terminal run verifies (7.572621ms)
✔ reaction-rush: skilled inputs replay exactly across 40 seeds (69.542142ms)
✔ reaction-rush: invalid duration, order, actions and types rejected (0.788748ms)
✔ reaction-rush: terminal state cannot accrue more score (0.549303ms)
✔ perfect-timing: seed is deterministic (0.265233ms)
✔ perfect-timing: no-input terminal run verifies (3.34388ms)
✔ perfect-timing: skilled inputs replay exactly across 40 seeds (22.332011ms)
✔ perfect-timing: invalid duration, order, actions and types rejected (0.419141ms)
✔ perfect-timing: terminal state cannot accrue more score (5.053812ms)
✔ dont-press: seed is deterministic (0.50638ms)
✔ dont-press: no-input terminal run verifies (2.062483ms)
✔ dont-press: skilled inputs replay exactly across 40 seeds (39.047046ms)
✔ dont-press: invalid duration, order, actions and types rejected (0.353564ms)
✔ dont-press: terminal state cannot accrue more score (0.174558ms)
✔ unknown games and invalid seeds rejected (0.216941ms)
✔ Reaction: mines damage shield and cannot reward a combo (0.154259ms)
✔ Reaction: heat limits spraying; pulse requires energy (4.294579ms)
✔ Reaction: boss shield has a visible, verified closed interval (0.11472ms)
✔ Timing: full miss costs a shield, not an arbitrary score (0.107159ms)
✔ Timing: three perfects restore width, never exceed 400 (0.085146ms)
✔ Reactor: holding through the seal is penalized (0.098466ms)
✔ Reactor: WAIT never gives early points (0.092077ms)
✔ Reactor: up/down type and repeated tick are strictly validated (0.140157ms)
✔ Reaction: pointer bounds and extra fields are rejected (0.12832ms)
✔ Replay adapter never trusts client claimed score or game (1.543445ms)
✔ Replay adapter rejects a wrong server-side game version (0.376287ms)
✔ ready does not move, spawn, score or consume time (3.784783ms)
✔ reject seed -1 (0.473291ms)
✔ reject seed 1.5 (0.277461ms)
✔ reject seed NaN (0.193786ms)
✔ reject seed Infinity (0.159396ms)
✔ reject seed 1 (0.111565ms)
✔ reject seed 4294967296 (0.146967ms)
✔ input axes are clamped, diagonal speed is bounded (0.457487ms)
✔ non-finite movement cannot corrupt state (0.26987ms)
✔ arena bounds hold for repeated dashes (5.826306ms)
✔ dash is a finite resource with invulnerability window (0.637153ms)
✔ difficulty grows across normal gates and guardian tiers (0.251242ms)
✔ projectile swept collision catches a crossed target (0.220036ms)
✔ unearned upgrades cannot be installed (0.353283ms)
✔ real stage clear evolves body, repairs hull and pauses for a choice (25.899142ms)
✔ complete 9 gates via normal-input pilot 7 (308.843767ms)
✔ complete 9 gates via normal-input pilot 42 (110.285515ms)
✔ complete 9 gates via normal-input pilot 74021 (135.931216ms)
✔ complete 9 gates via normal-input pilot 998 (50.892203ms)
✔ stationary strategy eventually fails 7 (10.721193ms)
✔ stationary strategy eventually fails 42 (5.56653ms)
✔ stationary strategy eventually fails 74021 (4.678487ms)
✔ stationary strategy eventually fails 998 (6.329951ms)
✔ same seed and inputs reproduce every canonical field (180.58926ms)
✔ tier 3 and 6 unlock actual attack drones (58.21957ms)
✔ caps hold throughout a real complete campaign (56.541616ms)
✔ defeated or victorious states cannot farm score or advance (3.753798ms)
✔ new expedition resets upgrades, tier, hull and stage (54.847698ms)
✔ reviewed local source byte identity: core.js (2.157394ms)
✔ reviewed local source byte identity: art.js (0.394283ms)
✔ reviewed local source byte identity: app.js (0.381775ms)
✔ reviewed local source byte identity: index.html (0.341886ms)
✔ reviewed local source byte identity: style.css (0.54705ms)
✔ clean and slash URLs load same absolute local assets (2.137364ms)
✔ no network, account, leaderboard or analytics writes in expedition (0.626858ms)
✔ new homepage invitation preserves four ranked game cards (0.390748ms)
✔ approved release is Astra v3 with move-only controls (1.562423ms)
✔ movement remains responsive and dash state can never be activated through production step inputs (5.19428ms)
✔ P2 difficulty and safe-lane rules are retained after control simplification (0.298041ms)
✔ build is byte-idempotent (8.670095ms)
✔ all challenger configs are distinct and bounded (1.928926ms)
✔ same seed creates identical initial states (0.636762ms)
✔ different seeds change generated challenges (0.56086ms)
✔ gyro controlled bot can chain falls and replay exactly (6.703293ms)
✔ core pins scores only clean throws and replay matches (9.528427ms)
✔ nova merge chains and replay matches (3.011728ms)
✔ gyro smash is consumed after one assisted fall (0.20951ms)
✔ gyro rejects impossible turn inputs (0.334836ms)
✔ pins rejects duplicate ticks and unknown actions (1.291747ms)
✔ merge rejects invalid columns and out-of-order inputs (0.312413ms)
✔ unfinished runs never verify (0.245473ms)
✔ actions at or beyond terminal tick never verify (1.700547ms)
✔ score returned by verifier is always server-computed and bounded (3.93145ms)
✔ 48 deterministic rings, 12 sectors, three guardian gates (2.97861ms)
✔ invalid seeds and durations never replay (0.832462ms)
✔ front contact is 900 and exactly matches gap boundaries (2.600569ms)
✔ red plate damage only happens on contact, not early (0.474863ms)
✔ a centered clean fall charges burst and awards a perfect (0.578196ms)
✔ uncharged burst cannot skip a ring (0.261217ms)
✔ charged burst clears exactly three rings and never recharges itself (2.778203ms)
✔ brittle stone needs two safe contacts and does not count as perfect (0.293415ms)
✔ shutter opens and closes on canonical motion time (3.719727ms)
✔ focus slows obstacles but not ticks or countdown (0.393332ms)
✔ idle attempts earn no survival points (7.644897ms)
✔ all three regions are completable and deterministic across many seeds (40.00179ms)
✔ duplicate, malformed and surplus inputs are rejected (0.531897ms)
✔ terminal states cannot be extended or change their score (11.022168ms)
✔ guardians have different seal counts and shift the opening after a hit (0.714007ms)
✔ one burst cannot skip a multi-seal guardian (0.179616ms)
✔ full playthrough breaks all six seals without inventing survival points (3.739285ms)
✔ ordinary burst is bounded even across pickup floors (0.114079ms)
✔ kit import does not load Phaser/audio context or mutate global game state (1.81687ms)
✔ scene is required, but generic scene does not need Descent (0.789919ms)
✔ particle hard cap is shared across bursts and cleanup destroys owned sprites (0.695059ms)
✔ fragment TTL frees budget, with exact legacy frame integration (0.638185ms)
✔ different art profiles change particle style without scoring code (0.389406ms)
✔ invalid positions and giant counts cannot allocate unlimited effects (3.253927ms)
✔ float text has independent cap, expiration and no markup execution (2.20863ms)
✔ notice replacement cancels only kit-owned tween (0.498257ms)
✔ pulse reset restores borrowed object without destroying it (0.397108ms)
✔ reduced motion lowers particle count and removes shake/pulse (0.431589ms)
✔ switching reduced-motion on settles an in-progress pulse (4.398602ms)
✔ shake is capped and does not replace an unrelated active effect (1.26304ms)
✔ shutdown removes owned sprites/tweens/listeners; remount is isolated (0.450627ms)
✔ 100 resets do not accumulate effect objects or tween listeners (20.640496ms)
✔ audio context is lazy and off produces no oscillator (2.231904ms)
✔ audio voice cap includes future scheduled voices (0.767917ms)
✔ note parameter envelope preserves the original timbre recipe (0.39883ms)
✔ silencing stops/disconnects all scheduled voices before suspend (0.307655ms)
✔ clear cancels old cue at replay without turning off sound preference (0.435695ms)
✔ invalid note is ignored: [null] (0.25667ms)
✔ invalid note is ignored: [0] (0.124324ms)
✔ invalid note is ignored: [440,0] (0.232304ms)
✔ invalid note is ignored: [440,0.2,"custom"] (0.138295ms)
✔ invalid note is ignored: [440,0.2,"sine",0] (0.120829ms)
✔ invalid note is ignored: [440,0.2,"sine",0.2,-1] (0.232565ms)
✔ invalid note is ignored: [440,0.2,"sine",0.2,0,-1] (0.170372ms)
✔ unsupported audio is silent without throwing (0.221688ms)
✔ rejected browser resume does not leak unhandled errors or voices (0.267846ms)
✔ rapid on then off cannot unmute via late resume (0.291121ms)
✔ rapid off then on ends running even when suspend resolves late (0.436917ms)
✔ destroy during pending resume never reopens audio (0.423206ms)
✔ audio destroy is idempotent and closes the owned context once (0.497437ms)
✔ sequence is bounded by voice budget (0.409456ms)
✔ presentational modules have no network, storage or canonical-rules references (0.516014ms)
✔ seeded courses are reproducible (2.581812ms)
✔ different seeds produce different courses (0.389937ms)
✔ a completed no-input run can be replayed exactly (0.671765ms)
✔ rejects unfinished and invalid run durations (0.463226ms)
✔ rejects duplicated, out of order, excessive and unknown inputs (0.329708ms)
✔ jump clears a low barrier, but not a pillar (0.304391ms)
✔ dash consumes energy and permits obstacle crossing (0.293134ms)
✔ uncharged dash cannot bypass obstacles (0.193677ms)
✔ server simulation matches recorded automated controls (3.657235ms)
✔ input cannot move outside the three lanes (0.42514ms)
✔ terminal states cannot gain points by replaying more ticks (0.376027ms)
✔ only Core Pins loads its shared-kit bundle; all five imports are unchanged modules (3.569394ms)
✔ legacy dispatch retained for gyro-drop (0.951609ms)
✔ legacy dispatch retained for nova-merge (0.70202ms)
✔ legacy dispatch retained for  (0.747216ms)
✔ legacy dispatch retained for CORE-PINS (0.639136ms)
✔ legacy dispatch retained for unknown (0.731654ms)
✔ social UTM query parameters retain the Core Pins path (0.723721ms)
✔ load failure stops before app boot, exposes reload, not double controllers (1.116854ms)
✔ game adapter contains no direct transport, credential or voice-node implementation (0.714457ms)
✔ scene geometry is exactly the old Core Pins drawing, with only state passed in (0.292844ms)
✔ Core Pins keeps the existing rules version, tick cap and stored-best key (0.156662ms)
✔ multiple-seed input runs replay to the exact canonical score (4.044668ms)
✔ Core Pins imported factory cannot become a new score authority (1.218824ms)
✔ bundle contains each source verbatim in order and is valid JavaScript (1.676993ms)
✔ canonical dataset matches a real document and selects the correct controller (1.10777ms)
✔ boot returns public profile only; no credential or clientID is exposed (4.507944ms)
✔ guest practice works before or without any backend request (0.541221ms)
✔ capture cannot start ranked or submit even through Runtime API (0.863078ms)
✔ ranked requires config eligibility and a public authenticated profile (3.724494ms)
✔ unavailable config never blocks practice and can be retried (0.9796ms)
✔ profile request expiry is tolerated at boot while keeping practice available (0.373723ms)
✔ duplicate starts coalesce into one request and preserve explicit version (17.246782ms)
✔ failed starts never silently fall back to a ranked attempt (0.607329ms)
✔ invalid ranked version fails before play (0.233556ms)
✔ invalid ranked game fails before play (0.231733ms)
✔ invalid ranked id fails before play (0.20313ms)
✔ invalid ranked seed fails before play (0.106608ms)
✔ late start cannot restore ranked mode after downgrade or practice (0.370478ms)
✔ identity changes during start reject that attempt (0.333073ms)
✔ submit sends ONLY immutable runId/actions/ticks, never claimed score/country (0.619707ms)
✔ concurrent submit and retry produce only one in-flight finish request (4.119138ms)
✔ transient failure retries the exact same input snapshot and run ID (0.480461ms)
✔ invalid_or_expired_login never offers a futile save retry (0.197072ms)
✔ invalid_game_replay never offers a futile save retry (0.129181ms)
✔ excessive_elapsed_time never offers a futile save retry (0.145636ms)
✔ run_expired never offers a futile save retry (0.103463ms)
✔ version_mismatch never offers a futile save retry (0.125916ms)
✔ AbortError is an unconfirmed retriable result, not verified (0.206175ms)
✔ TimeoutError is an unconfirmed retriable result, not verified (0.112497ms)
✔ TypeError is an unconfirmed retriable result, not verified (0.107199ms)
✔ invalid success payload {"saved":false,"score":123} is not verified (0.219285ms)
✔ invalid success payload {"saved":true,"score":null} is not verified (0.100439ms)
✔ invalid success payload {"saved":true,"score":"123"} is not verified (0.089162ms)
✔ invalid success payload {"saved":true,"score":-1} is not verified (0.083563ms)
✔ invalid success payload {"saved":true,"score":50001} is not verified (0.078066ms)
✔ late successful finish is ignored after a new practice attempt (3.056785ms)
✔ late failed finish cannot overwrite the next ranked save or its busy state (0.572327ms)
✔ paused/downgraded runs never submit and cannot restore rank without a new start (0.243471ms)
✔ runtime logout invalidates pending operations and delegates credential removal (0.18196ms)
✔ profile changed after play cannot submit with another player (0.266384ms)
✔ malformed traces reject before network IO (0.33075ms)
✔ world/country reads preserve game/version and never change verified save state (0.324099ms)
✔ board refuses different rules or malformed rows and invalid filters (0.305852ms)
✔ late boot config may change next seed but never rewrites an active ranked run (0.188239ms)
✔ community adapter delegates auth and writes without reading/storing credentials (0.787075ms)
✔ existing real Community client preserves tab session and clears it on 401 through adapter (19.990254ms)
✔ index.html unique descriptive metadata and clean canonical (1.655486ms)
✔ index.html idempotent (2.661826ms)
✔ index.html controls, scripts and route hrefs unchanged (1.270601ms)
✔ descent/index.html unique descriptive metadata and clean canonical (0.27646ms)
✔ descent/index.html idempotent (0.454313ms)
✔ descent/index.html controls, scripts and route hrefs unchanged (0.437548ms)
✔ home visible game name matches the Reel without changing game ID (1.660658ms)
✔ sitemap includes Astra, all 4 ranked games and preserves all 3 legacy games (0.804441ms)
✔ sitemap has no tracking, private/account pages or invented lastmod (0.522473ms)
✔ unknown or malformed HTML fails closed (1.205194ms)
ℹ tests 283
ℹ suites 0
ℹ pass 283
ℹ fail 0
ℹ cancelled 0
ℹ skipped 0
ℹ todo 0
ℹ duration_ms 1168.334941
