npm warn Unknown env config "http-proxy". This will stop working in the next major version of npm.

> playjolt-autonomous-factory@0.2.0 test
> node --test tests/contracts.test.cjs tests/orchestrator.test.cjs tests/rc.test.cjs control-plane/tests/control-plane.test.cjs

✔ control policy fails closed for production shipping and intake (2.3621ms)
✔ READY_TO_SHIP never becomes a production-ship action (4.306679ms)
✔ critical failure becomes the only kind that requires owner action (1.75614ms)
✔ ordinary rejected candidate is informational and does not wake owner (1.059509ms)
✔ phase 2 metrics remain disabled and cannot classify a winner (0.302458ms)
✔ dashboard escapes game text and is explicitly noindex (1.416637ms)
✔ active limit and provider readiness can stop intake independently (1.14821ms)
✔ manifest schema rejects omissions, traversal, wrong identity, excess repair budget and unknown state (3.933827ms)
✔ every invalid state edge is rejected; terminal rejection cannot resurrect (7.620079ms)
✔ repair requests cannot exceed five and carry protected paths plus concrete acceptance tests (0.463277ms)
✔ symlinks, absolute paths and traversal cannot be imported (3.580482ms)
✔ quality gate requires fresh exhaustive hard evidence; heuristics alone cannot pass (10.041257ms)
✔ fixture core is DOM independent and deterministic for the same seed/input sequence (1.593178ms)
✔ successful run is idempotent and resumption skips already verified build/QA (22.895039ms)
✔ exactly five failed repairs -> REJECTED, with one history entry per attempt (48.342693ms)
✔ fatal protected-scope failure rejects without calling repair (3.766457ms)
✔ crash after build checkpoint resumes without rebuilding (9.308ms)
✔ crash during repair reuses attempt and operation id, never resets repair budget (15.350447ms)
✔ dead process lock recovers; live and remote host locks remain protected (8.054445ms)
✔ missing repair revision remains pending and consumes no repair budget (5.476338ms)
✔ published build descriptor satisfies the shared manifest schema (6.148352ms)
✔ release adapter cannot target main or production alias or protected paths (1.385121ms)
✔ preview smoke matches every deployed runtime byte and only performs GET (28.338716ms)
✔ orchestrator resumes preview wait and smoke failure without rebuilding or spending repair attempts (14.508971ms)
✔ GitHub adapter creates only isolated blobs/branch/draft PR, resumes CI and reuses one commit (18.250811ms)
✔ preview bypass is scoped to validated origin and absent from artifacts (9.446405ms)
ℹ tests 26
ℹ suites 0
ℹ pass 26
ℹ fail 0
ℹ cancelled 0
ℹ skipped 0
ℹ todo 0
ℹ duration_ms 333.143706
