2026-09-22T01:32:02.6427707Z RUN build
2026-09-22T01:32:02.7141068Z PASS build
2026-09-22T01:32:02.7249484Z RUN canonical-contracts
2026-09-22T01:32:04.7747673Z PASS canonical-contracts
2026-09-22T01:32:04.7748957Z RUN astra-v3
2026-09-22T01:32:14.0628171Z PASS astra-v3
2026-09-22T01:32:14.0629840Z RUN astra-campaign
2026-09-22T01:32:24.3213001Z PASS astra-campaign
2026-09-22T01:32:24.3214155Z RUN deep-descent
2026-09-22T01:32:45.0174603Z PASS deep-descent
2026-09-22T01:32:45.0175325Z RUN core-pins-and-nova
2026-09-22T01:33:57.5186153Z PASS core-pins-and-nova
2026-09-22T01:33:57.5186801Z RUN legacy-challengers
2026-09-22T01:34:29.3121512Z PASS legacy-challengers
2026-09-22T01:34:29.3122722Z RUN orbit-and-auth-shell
2026-09-22T01:34:38.0414825Z PASS orbit-and-auth-shell
2026-09-22T01:34:38.0482177Z   "passed": true,
2026-09-22T01:34:38.0482962Z       "name": "build",
2026-09-22T01:34:38.0483642Z       "passed": true
2026-09-22T01:34:38.0484257Z       "name": "canonical-contracts",
2026-09-22T01:34:38.0484979Z       "passed": true
2026-09-22T01:34:38.0485574Z       "name": "astra-v3",
2026-09-22T01:34:38.0486258Z       "passed": true
2026-09-22T01:34:38.0486889Z       "name": "astra-campaign",
2026-09-22T01:34:38.0487967Z       "passed": true
2026-09-22T01:34:38.0488569Z       "name": "deep-descent",
2026-09-22T01:34:38.0489269Z       "passed": true
2026-09-22T01:34:38.0489886Z       "name": "core-pins-and-nova",
2026-09-22T01:34:38.0490643Z       "passed": true
2026-09-22T01:34:38.0491252Z       "name": "legacy-challengers",
2026-09-22T01:34:38.0491977Z       "passed": true
2026-09-22T01:34:38.0492897Z       "name": "orbit-and-auth-shell",
2026-09-22T01:34:38.0493635Z       "passed": true
