npm warn Unknown env config "http-proxy". This will stop working in the next major version of npm.

> playjolt-autonomous-factory@0.2.0 test
> node --test tests/contracts.test.cjs tests/orchestrator.test.cjs tests/rc.test.cjs control-plane/tests/control-plane.test.cjs commissioning/tests/*.test.cjs

✔ a distinct 45-second proposal keeps its public-quality brief in the factory spec (2.922676ms)
✔ known mechanic family is blocked: arena-survival-autofire (0.538357ms)
✔ known mechanic family is blocked: tower-descent-rotation (0.395606ms)
✔ known mechanic family is blocked: radial-pin-timing (0.273895ms)
✔ known mechanic family is blocked: column-merge (11.808671ms)
✔ known mechanic family is blocked: auto-runner (0.311922ms)
✔ known mechanic family is blocked: single-button-reaction (0.269509ms)
✔ too many controls and long sessions fail before paid generation (0.316368ms)
✔ public title and slug collisions are blocked (0.3847ms)
✔ release packet fails closed before READY_TO_SHIP (0.315246ms)
✔ READY_TO_SHIP packet still does not authorize production without owner review adapter (0.145465ms)
✔ paid commissioning rejects a missing or vague public-quality implementation contract (1.340304ms)
✔ previously rejected Prism mechanic family cannot consume the second commissioning slot (0.201789ms)
✔ media settlement waits for delayed native delivery and rejects a permanently stale presentation (1.751613ms)
✔ third proposal is original family, concrete contract and passes before paid call (1.162972ms)
✔ independent bounded reverse oracle returns shortest normal forward shift solutions (85.848992ms)
✔ same validation twice pauses before third reservation and requires exact reviewed fingerprint (2.692826ms)
✔ control policy fails closed for production shipping and intake (1.980852ms)
✔ READY_TO_SHIP never becomes a production-ship action (3.36427ms)
✔ critical failure becomes the only kind that requires owner action (1.463166ms)
✔ ordinary rejected candidate is informational and does not wake owner (0.72976ms)
✔ phase 2 metrics remain disabled and cannot classify a winner (0.232915ms)
✔ dashboard escapes game text and is explicitly noindex (1.853689ms)
✔ active limit and provider readiness can stop intake independently (1.214969ms)
✔ manifest schema rejects omissions, traversal, wrong identity, excess repair budget and unknown state (4.934335ms)
✔ every invalid state edge is rejected; terminal rejection cannot resurrect (9.536658ms)
✔ repair requests cannot exceed five and carry protected paths plus concrete acceptance tests (0.555372ms)
✔ symlinks, absolute paths and traversal cannot be imported (4.172707ms)
✔ quality gate requires fresh exhaustive hard evidence; heuristics alone cannot pass (12.121115ms)
✔ fixture core is DOM independent and deterministic for the same seed/input sequence (1.707437ms)
✔ successful run is idempotent and resumption skips already verified build/QA (32.883076ms)
✔ exactly five failed repairs -> REJECTED, with one history entry per attempt (47.87869ms)
✔ fatal protected-scope failure rejects without calling repair (3.409117ms)
✔ crash after build checkpoint resumes without rebuilding (9.928248ms)
✔ crash during repair reuses attempt and operation id, never resets repair budget (15.851065ms)
✔ dead process lock recovers; live and remote host locks remain protected (8.785256ms)
✔ missing repair revision remains pending and consumes no repair budget (6.968056ms)
✔ published build descriptor satisfies the shared manifest schema (7.263904ms)
✔ release adapter cannot target main or production alias or protected paths (1.421234ms)
✔ preview smoke matches every deployed runtime byte and only performs GET (21.984876ms)
✔ orchestrator resumes preview wait and smoke failure without rebuilding or spending repair attempts (9.705238ms)
✔ GitHub adapter creates only isolated blobs/branch/draft PR, resumes CI and reuses one commit (16.756747ms)
✔ preview bypass is scoped to validated origin and absent from artifacts (7.152729ms)
ℹ tests 43
ℹ suites 0
ℹ pass 43
ℹ fail 0
ℹ cancelled 0
ℹ skipped 0
ℹ todo 0
ℹ duration_ms 479.068892
