npm warn Unknown env config "http-proxy". This will stop working in the next major version of npm.

> playjolt-autonomous-factory@0.2.0 test
> node --test tests/contracts.test.cjs tests/orchestrator.test.cjs tests/rc.test.cjs control-plane/tests/control-plane.test.cjs commissioning/tests/*.test.cjs

✔ a distinct 45-second proposal keeps its public-quality brief in the factory spec (4.141001ms)
✔ known mechanic family is blocked: arena-survival-autofire (0.60151ms)
✔ known mechanic family is blocked: tower-descent-rotation (0.43897ms)
✔ known mechanic family is blocked: radial-pin-timing (0.427353ms)
✔ known mechanic family is blocked: column-merge (0.424478ms)
✔ known mechanic family is blocked: auto-runner (0.254497ms)
✔ known mechanic family is blocked: single-button-reaction (0.293975ms)
✔ too many controls and long sessions fail before paid generation (0.452851ms)
✔ public title and slug collisions are blocked (3.172698ms)
✔ release packet fails closed before READY_TO_SHIP (0.636463ms)
✔ READY_TO_SHIP packet still does not authorize production without owner review adapter (0.252844ms)
✔ paid commissioning rejects a missing or vague public-quality implementation contract (3.864282ms)
✔ previously rejected Prism mechanic family cannot consume the second commissioning slot (0.437447ms)
✔ second candidate honors latest rejected-family and implementation contract gate (2.285575ms)
✔ independent cargo oracle finds valid allocations and rejects impossible targets (1.151845ms)
✔ late resource constraint excludes mass-only solutions (0.666657ms)
✔ canvas collision measurement rejects overlapping different labels, preserves repeated shadows (0.278923ms)
✔ core export validation explains the browser-only export and accepts the DOM-independent contract (61.350559ms)
✔ control policy fails closed for production shipping and intake (2.199276ms)
✔ READY_TO_SHIP never becomes a production-ship action (4.164437ms)
✔ critical failure becomes the only kind that requires owner action (1.758975ms)
✔ ordinary rejected candidate is informational and does not wake owner (0.963466ms)
✔ phase 2 metrics remain disabled and cannot classify a winner (0.32467ms)
✔ dashboard escapes game text and is explicitly noindex (1.092137ms)
✔ active limit and provider readiness can stop intake independently (1.426452ms)
✔ manifest schema rejects omissions, traversal, wrong identity, excess repair budget and unknown state (4.747689ms)
✔ every invalid state edge is rejected; terminal rejection cannot resurrect (9.230627ms)
✔ repair requests cannot exceed five and carry protected paths plus concrete acceptance tests (0.514893ms)
✔ symlinks, absolute paths and traversal cannot be imported (4.272867ms)
✔ quality gate requires fresh exhaustive hard evidence; heuristics alone cannot pass (13.03476ms)
✔ fixture core is DOM independent and deterministic for the same seed/input sequence (1.919172ms)
✔ successful run is idempotent and resumption skips already verified build/QA (27.140025ms)
✔ exactly five failed repairs -> REJECTED, with one history entry per attempt (49.287286ms)
✔ fatal protected-scope failure rejects without calling repair (2.566831ms)
✔ crash after build checkpoint resumes without rebuilding (5.576116ms)
✔ crash during repair reuses attempt and operation id, never resets repair budget (10.734845ms)
✔ dead process lock recovers; live and remote host locks remain protected (6.122886ms)
✔ missing repair revision remains pending and consumes no repair budget (4.708661ms)
✔ published build descriptor satisfies the shared manifest schema (4.641312ms)
✔ release adapter cannot target main or production alias or protected paths (1.93115ms)
✔ preview smoke matches every deployed runtime byte and only performs GET (27.37313ms)
✔ orchestrator resumes preview wait and smoke failure without rebuilding or spending repair attempts (13.412309ms)
✔ GitHub adapter creates only isolated blobs/branch/draft PR, resumes CI and reuses one commit (19.477209ms)
✔ preview bypass is scoped to validated origin and absent from artifacts (11.930365ms)
ℹ tests 44
ℹ suites 0
ℹ pass 44
ℹ fail 0
ℹ cancelled 0
ℹ skipped 0
ℹ todo 0
ℹ duration_ms 405.570694
